// Jest Snapshot v1, https://goo.gl/fbAQLP

exports[`should render Header component properly 1`] = `
ShallowWrapper {
  "length": 1,
  Symbol(enzyme.__root__): [Circular],
  Symbol(enzyme.__unrendered__): <Header />,
  Symbol(enzyme.__renderer__): Object {
    "batchedUpdates": [Function],
    "getNode": [Function],
    "render": [Function],
    "simulateEvent": [Function],
    "unmount": [Function],
  },
  Symbol(enzyme.__node__): Object {
    "instance": null,
    "key": undefined,
    "nodeType": "host",
    "props": Object {
      "children": Array [
        <div
          className="header__icon header__back"
        >
          <Link
            replace={false}
            to="/"
          >
            <img
              alt="Map"
              src="/dist/icons/ic_webBack@2x.png"
            />
          </Link>
        </div>,
        <div
          className="header__link"
        >
          <Link
            replace={false}
            to="/"
          >
            <h1>
              Lunch Tyme
            </h1>
          </Link>
        </div>,
        <div
          className="header__icon header__map"
        >
          <Link
            replace={false}
            to="/map"
          >
            <img
              alt="Map"
              src="/dist/icons/icon_map@2x.png"
            />
          </Link>
        </div>,
      ],
      "className": "header",
    },
    "ref": null,
    "rendered": Array [
      Object {
        "instance": null,
        "key": undefined,
        "nodeType": "host",
        "props": Object {
          "children": <Link
            replace={false}
            to="/"
          >
            <img
              alt="Map"
              src="/dist/icons/ic_webBack@2x.png"
            />
          </Link>,
          "className": "header__icon header__back",
        },
        "ref": null,
        "rendered": Object {
          "instance": null,
          "key": undefined,
          "nodeType": "class",
          "props": Object {
            "children": <img
              alt="Map"
              src="/dist/icons/ic_webBack@2x.png"
            />,
            "replace": false,
            "to": "/",
          },
          "ref": null,
          "rendered": Object {
            "instance": null,
            "key": undefined,
            "nodeType": "host",
            "props": Object {
              "alt": "Map",
              "src": "/dist/icons/ic_webBack@2x.png",
            },
            "ref": null,
            "rendered": null,
            "type": "img",
          },
          "type": [Function],
        },
        "type": "div",
      },
      Object {
        "instance": null,
        "key": undefined,
        "nodeType": "host",
        "props": Object {
          "children": <Link
            replace={false}
            to="/"
          >
            <h1>
              Lunch Tyme
            </h1>
          </Link>,
          "className": "header__link",
        },
        "ref": null,
        "rendered": Object {
          "instance": null,
          "key": undefined,
          "nodeType": "class",
          "props": Object {
            "children": <h1>
              Lunch Tyme
            </h1>,
            "replace": false,
            "to": "/",
          },
          "ref": null,
          "rendered": Object {
            "instance": null,
            "key": undefined,
            "nodeType": "host",
            "props": Object {
              "children": "Lunch Tyme",
            },
            "ref": null,
            "rendered": "Lunch Tyme",
            "type": "h1",
          },
          "type": [Function],
        },
        "type": "div",
      },
      Object {
        "instance": null,
        "key": undefined,
        "nodeType": "host",
        "props": Object {
          "children": <Link
            replace={false}
            to="/map"
          >
            <img
              alt="Map"
              src="/dist/icons/icon_map@2x.png"
            />
          </Link>,
          "className": "header__icon header__map",
        },
        "ref": null,
        "rendered": Object {
          "instance": null,
          "key": undefined,
          "nodeType": "class",
          "props": Object {
            "children": <img
              alt="Map"
              src="/dist/icons/icon_map@2x.png"
            />,
            "replace": false,
            "to": "/map",
          },
          "ref": null,
          "rendered": Object {
            "instance": null,
            "key": undefined,
            "nodeType": "host",
            "props": Object {
              "alt": "Map",
              "src": "/dist/icons/icon_map@2x.png",
            },
            "ref": null,
            "rendered": null,
            "type": "img",
          },
          "type": [Function],
        },
        "type": "div",
      },
    ],
    "type": "div",
  },
  Symbol(enzyme.__nodes__): Array [
    Object {
      "instance": null,
      "key": undefined,
      "nodeType": "host",
      "props": Object {
        "children": Array [
          <div
            className="header__icon header__back"
          >
            <Link
              replace={false}
              to="/"
            >
              <img
                alt="Map"
                src="/dist/icons/ic_webBack@2x.png"
              />
            </Link>
          </div>,
          <div
            className="header__link"
          >
            <Link
              replace={false}
              to="/"
            >
              <h1>
                Lunch Tyme
              </h1>
            </Link>
          </div>,
          <div
            className="header__icon header__map"
          >
            <Link
              replace={false}
              to="/map"
            >
              <img
                alt="Map"
                src="/dist/icons/icon_map@2x.png"
              />
            </Link>
          </div>,
        ],
        "className": "header",
      },
      "ref": null,
      "rendered": Array [
        Object {
          "instance": null,
          "key": undefined,
          "nodeType": "host",
          "props": Object {
            "children": <Link
              replace={false}
              to="/"
            >
              <img
                alt="Map"
                src="/dist/icons/ic_webBack@2x.png"
              />
            </Link>,
            "className": "header__icon header__back",
          },
          "ref": null,
          "rendered": Object {
            "instance": null,
            "key": undefined,
            "nodeType": "class",
            "props": Object {
              "children": <img
                alt="Map"
                src="/dist/icons/ic_webBack@2x.png"
              />,
              "replace": false,
              "to": "/",
            },
            "ref": null,
            "rendered": Object {
              "instance": null,
              "key": undefined,
              "nodeType": "host",
              "props": Object {
                "alt": "Map",
                "src": "/dist/icons/ic_webBack@2x.png",
              },
              "ref": null,
              "rendered": null,
              "type": "img",
            },
            "type": [Function],
          },
          "type": "div",
        },
        Object {
          "instance": null,
          "key": undefined,
          "nodeType": "host",
          "props": Object {
            "children": <Link
              replace={false}
              to="/"
            >
              <h1>
                Lunch Tyme
              </h1>
            </Link>,
            "className": "header__link",
          },
          "ref": null,
          "rendered": Object {
            "instance": null,
            "key": undefined,
            "nodeType": "class",
            "props": Object {
              "children": <h1>
                Lunch Tyme
              </h1>,
              "replace": false,
              "to": "/",
            },
            "ref": null,
            "rendered": Object {
              "instance": null,
              "key": undefined,
              "nodeType": "host",
              "props": Object {
                "children": "Lunch Tyme",
              },
              "ref": null,
              "rendered": "Lunch Tyme",
              "type": "h1",
            },
            "type": [Function],
          },
          "type": "div",
        },
        Object {
          "instance": null,
          "key": undefined,
          "nodeType": "host",
          "props": Object {
            "children": <Link
              replace={false}
              to="/map"
            >
              <img
                alt="Map"
                src="/dist/icons/icon_map@2x.png"
              />
            </Link>,
            "className": "header__icon header__map",
          },
          "ref": null,
          "rendered": Object {
            "instance": null,
            "key": undefined,
            "nodeType": "class",
            "props": Object {
              "children": <img
                alt="Map"
                src="/dist/icons/icon_map@2x.png"
              />,
              "replace": false,
              "to": "/map",
            },
            "ref": null,
            "rendered": Object {
              "instance": null,
              "key": undefined,
              "nodeType": "host",
              "props": Object {
                "alt": "Map",
                "src": "/dist/icons/icon_map@2x.png",
              },
              "ref": null,
              "rendered": null,
              "type": "img",
            },
            "type": [Function],
          },
          "type": "div",
        },
      ],
      "type": "div",
    },
  ],
  Symbol(enzyme.__options__): Object {
    "adapter": ReactSixteenAdapter {
      "options": Object {
        "enableComponentDidUpdateOnSetState": true,
      },
    },
  },
}
`;
