// Jest Snapshot v1, https://goo.gl/fbAQLP

exports[`should render RestaurantDetailItem component properly 1`] = `
ShallowWrapper {
  "length": 1,
  Symbol(enzyme.__root__): [Circular],
  Symbol(enzyme.__unrendered__): <RestaurantDetailItem
    restaurant={
      Object {
        "backgroundImageURL": "http://sandbox.bottlerocketapps.com/BR_iOS_CodingExam_2015_Server/Images/hopdoddy.png",
        "category": "Burgers",
        "contact": Object {
          "formattedPhone": "(972) 387-2337",
          "phone": "9723872337",
          "twitter": "hopdoddy",
        },
        "location": Object {
          "address": "5100 Belt Line Road, STE 502",
          "cc": "US",
          "city": "Addison",
          "country": "United States",
          "crossStreet": "Dallas North Tollway",
          "formattedAddress": Array [
            "5100 Belt Line Road, STE 502 (Dallas North Tollway)",
            "Addison, TX 75254",
            "United States",
          ],
          "lat": 32.950787,
          "lng": -96.821118,
          "postalCode": "75254",
          "state": "TX",
        },
        "name": "Hopdoddy Burger Bar",
      }
    }
  />,
  Symbol(enzyme.__renderer__): Object {
    "batchedUpdates": [Function],
    "getNode": [Function],
    "render": [Function],
    "simulateEvent": [Function],
    "unmount": [Function],
  },
  Symbol(enzyme.__node__): Object {
    "instance": null,
    "key": undefined,
    "nodeType": "host",
    "props": Object {
      "children": Array [
        <div
          className="restaurant-detail__map"
        >
          <withScriptjs(withGoogleMap(Component))
            containerElement={
              <div
                style={
                  Object {
                    "height": "100%",
                  }
                }
              />
            }
            googleMapURL="https://maps.googleapis.com/maps/api/js?key=AIzaSyBGyVswgcCkctFs8x4X-14BS16VXWINHPA&v=3.exp&libraries=geometry,drawing,places"
            isMarkerShow={true}
            isOpenMarkerInfo={false}
            lat={32.950787}
            lng={-96.821118}
            loadingElement={
              <div
                style={
                  Object {
                    "height": "100%",
                  }
                }
              />
            }
            mapElement={
              <div
                style={
                  Object {
                    "height": "100%",
                  }
                }
              />
            }
            onMarkerToggle={[Function]}
            restaurant={
              Object {
                "backgroundImageURL": "http://sandbox.bottlerocketapps.com/BR_iOS_CodingExam_2015_Server/Images/hopdoddy.png",
                "category": "Burgers",
                "contact": Object {
                  "formattedPhone": "(972) 387-2337",
                  "phone": "9723872337",
                  "twitter": "hopdoddy",
                },
                "location": Object {
                  "address": "5100 Belt Line Road, STE 502",
                  "cc": "US",
                  "city": "Addison",
                  "country": "United States",
                  "crossStreet": "Dallas North Tollway",
                  "formattedAddress": Array [
                    "5100 Belt Line Road, STE 502 (Dallas North Tollway)",
                    "Addison, TX 75254",
                    "United States",
                  ],
                  "lat": 32.950787,
                  "lng": -96.821118,
                  "postalCode": "75254",
                  "state": "TX",
                },
                "name": "Hopdoddy Burger Bar",
              }
            }
            zoom={13}
          />
        </div>,
        <div
          className="restaurant-detail__header"
        >
          <h2>
            Hopdoddy Burger Bar
          </h2>
          <div
            className="restaurant-detail__category"
          >
            Burgers
          </div>
        </div>,
        <div
          className="restaurant-detail__info"
        >
          <div
            className="restaurant-detail__address"
          >
            <a
              href="https://www.google.com/maps/dir/?api=1&destination=Hopdoddy%20Burger%20Bar%205100%20Belt%20Line%20Road%2C%20STE%20502%20Addison%20TX%2075254"
              target="_blank"
            >
              5100 Belt Line Road, STE 502
              <br />
              Addison
              , 
              TX
               
              75254
            </a>
          </div>
          <div>
            <div
              className="restaurant-detail__phone"
            >
              <a
                href="tel:9723872337"
              >
                (972) 387-2337
              </a>
            </div>
            <div
              className="restaurant-detail__twitter"
            >
              <a
                href="https://twitter.com/hopdoddy"
                target="_blank"
              >
                @
                hopdoddy
              </a>
            </div>
          </div>
        </div>,
      ],
      "className": "restaurant-detail",
    },
    "ref": null,
    "rendered": Array [
      Object {
        "instance": null,
        "key": undefined,
        "nodeType": "host",
        "props": Object {
          "children": <withScriptjs(withGoogleMap(Component))
            containerElement={
              <div
                style={
                  Object {
                    "height": "100%",
                  }
                }
              />
            }
            googleMapURL="https://maps.googleapis.com/maps/api/js?key=AIzaSyBGyVswgcCkctFs8x4X-14BS16VXWINHPA&v=3.exp&libraries=geometry,drawing,places"
            isMarkerShow={true}
            isOpenMarkerInfo={false}
            lat={32.950787}
            lng={-96.821118}
            loadingElement={
              <div
                style={
                  Object {
                    "height": "100%",
                  }
                }
              />
            }
            mapElement={
              <div
                style={
                  Object {
                    "height": "100%",
                  }
                }
              />
            }
            onMarkerToggle={[Function]}
            restaurant={
              Object {
                "backgroundImageURL": "http://sandbox.bottlerocketapps.com/BR_iOS_CodingExam_2015_Server/Images/hopdoddy.png",
                "category": "Burgers",
                "contact": Object {
                  "formattedPhone": "(972) 387-2337",
                  "phone": "9723872337",
                  "twitter": "hopdoddy",
                },
                "location": Object {
                  "address": "5100 Belt Line Road, STE 502",
                  "cc": "US",
                  "city": "Addison",
                  "country": "United States",
                  "crossStreet": "Dallas North Tollway",
                  "formattedAddress": Array [
                    "5100 Belt Line Road, STE 502 (Dallas North Tollway)",
                    "Addison, TX 75254",
                    "United States",
                  ],
                  "lat": 32.950787,
                  "lng": -96.821118,
                  "postalCode": "75254",
                  "state": "TX",
                },
                "name": "Hopdoddy Burger Bar",
              }
            }
            zoom={13}
          />,
          "className": "restaurant-detail__map",
        },
        "ref": null,
        "rendered": Object {
          "instance": null,
          "key": undefined,
          "nodeType": "class",
          "props": Object {
            "containerElement": <div
              style={
                Object {
                  "height": "100%",
                }
              }
            />,
            "googleMapURL": "https://maps.googleapis.com/maps/api/js?key=AIzaSyBGyVswgcCkctFs8x4X-14BS16VXWINHPA&v=3.exp&libraries=geometry,drawing,places",
            "isMarkerShow": true,
            "isOpenMarkerInfo": false,
            "lat": 32.950787,
            "lng": -96.821118,
            "loadingElement": <div
              style={
                Object {
                  "height": "100%",
                }
              }
            />,
            "mapElement": <div
              style={
                Object {
                  "height": "100%",
                }
              }
            />,
            "onMarkerToggle": [Function],
            "restaurant": Object {
              "backgroundImageURL": "http://sandbox.bottlerocketapps.com/BR_iOS_CodingExam_2015_Server/Images/hopdoddy.png",
              "category": "Burgers",
              "contact": Object {
                "formattedPhone": "(972) 387-2337",
                "phone": "9723872337",
                "twitter": "hopdoddy",
              },
              "location": Object {
                "address": "5100 Belt Line Road, STE 502",
                "cc": "US",
                "city": "Addison",
                "country": "United States",
                "crossStreet": "Dallas North Tollway",
                "formattedAddress": Array [
                  "5100 Belt Line Road, STE 502 (Dallas North Tollway)",
                  "Addison, TX 75254",
                  "United States",
                ],
                "lat": 32.950787,
                "lng": -96.821118,
                "postalCode": "75254",
                "state": "TX",
              },
              "name": "Hopdoddy Burger Bar",
            },
            "zoom": 13,
          },
          "ref": null,
          "rendered": null,
          "type": [Function],
        },
        "type": "div",
      },
      Object {
        "instance": null,
        "key": undefined,
        "nodeType": "host",
        "props": Object {
          "children": Array [
            <h2>
              Hopdoddy Burger Bar
            </h2>,
            <div
              className="restaurant-detail__category"
            >
              Burgers
            </div>,
          ],
          "className": "restaurant-detail__header",
        },
        "ref": null,
        "rendered": Array [
          Object {
            "instance": null,
            "key": undefined,
            "nodeType": "host",
            "props": Object {
              "children": "Hopdoddy Burger Bar",
            },
            "ref": null,
            "rendered": "Hopdoddy Burger Bar",
            "type": "h2",
          },
          Object {
            "instance": null,
            "key": undefined,
            "nodeType": "host",
            "props": Object {
              "children": "Burgers",
              "className": "restaurant-detail__category",
            },
            "ref": null,
            "rendered": "Burgers",
            "type": "div",
          },
        ],
        "type": "div",
      },
      Object {
        "instance": null,
        "key": undefined,
        "nodeType": "host",
        "props": Object {
          "children": Array [
            <div
              className="restaurant-detail__address"
            >
              <a
                href="https://www.google.com/maps/dir/?api=1&destination=Hopdoddy%20Burger%20Bar%205100%20Belt%20Line%20Road%2C%20STE%20502%20Addison%20TX%2075254"
                target="_blank"
              >
                5100 Belt Line Road, STE 502
                <br />
                Addison
                , 
                TX
                 
                75254
              </a>
            </div>,
            <div>
              <div
                className="restaurant-detail__phone"
              >
                <a
                  href="tel:9723872337"
                >
                  (972) 387-2337
                </a>
              </div>
              <div
                className="restaurant-detail__twitter"
              >
                <a
                  href="https://twitter.com/hopdoddy"
                  target="_blank"
                >
                  @
                  hopdoddy
                </a>
              </div>
            </div>,
          ],
          "className": "restaurant-detail__info",
        },
        "ref": null,
        "rendered": Array [
          Object {
            "instance": null,
            "key": undefined,
            "nodeType": "host",
            "props": Object {
              "children": <a
                href="https://www.google.com/maps/dir/?api=1&destination=Hopdoddy%20Burger%20Bar%205100%20Belt%20Line%20Road%2C%20STE%20502%20Addison%20TX%2075254"
                target="_blank"
              >
                5100 Belt Line Road, STE 502
                <br />
                Addison
                , 
                TX
                 
                75254
              </a>,
              "className": "restaurant-detail__address",
            },
            "ref": null,
            "rendered": Object {
              "instance": null,
              "key": undefined,
              "nodeType": "host",
              "props": Object {
                "children": Array [
                  "5100 Belt Line Road, STE 502",
                  <br />,
                  "Addison",
                  ", ",
                  "TX",
                  " ",
                  "75254",
                ],
                "href": "https://www.google.com/maps/dir/?api=1&destination=Hopdoddy%20Burger%20Bar%205100%20Belt%20Line%20Road%2C%20STE%20502%20Addison%20TX%2075254",
                "target": "_blank",
              },
              "ref": null,
              "rendered": Array [
                "5100 Belt Line Road, STE 502",
                Object {
                  "instance": null,
                  "key": undefined,
                  "nodeType": "host",
                  "props": Object {},
                  "ref": null,
                  "rendered": null,
                  "type": "br",
                },
                "Addison",
                ", ",
                "TX",
                " ",
                "75254",
              ],
              "type": "a",
            },
            "type": "div",
          },
          Object {
            "instance": null,
            "key": undefined,
            "nodeType": "host",
            "props": Object {
              "children": Array [
                <div
                  className="restaurant-detail__phone"
                >
                  <a
                    href="tel:9723872337"
                  >
                    (972) 387-2337
                  </a>
                </div>,
                <div
                  className="restaurant-detail__twitter"
                >
                  <a
                    href="https://twitter.com/hopdoddy"
                    target="_blank"
                  >
                    @
                    hopdoddy
                  </a>
                </div>,
              ],
            },
            "ref": null,
            "rendered": Array [
              Object {
                "instance": null,
                "key": undefined,
                "nodeType": "host",
                "props": Object {
                  "children": <a
                    href="tel:9723872337"
                  >
                    (972) 387-2337
                  </a>,
                  "className": "restaurant-detail__phone",
                },
                "ref": null,
                "rendered": Object {
                  "instance": null,
                  "key": undefined,
                  "nodeType": "host",
                  "props": Object {
                    "children": "(972) 387-2337",
                    "href": "tel:9723872337",
                  },
                  "ref": null,
                  "rendered": "(972) 387-2337",
                  "type": "a",
                },
                "type": "div",
              },
              Object {
                "instance": null,
                "key": undefined,
                "nodeType": "host",
                "props": Object {
                  "children": <a
                    href="https://twitter.com/hopdoddy"
                    target="_blank"
                  >
                    @
                    hopdoddy
                  </a>,
                  "className": "restaurant-detail__twitter",
                },
                "ref": null,
                "rendered": Object {
                  "instance": null,
                  "key": undefined,
                  "nodeType": "host",
                  "props": Object {
                    "children": Array [
                      "@",
                      "hopdoddy",
                    ],
                    "href": "https://twitter.com/hopdoddy",
                    "target": "_blank",
                  },
                  "ref": null,
                  "rendered": Array [
                    "@",
                    "hopdoddy",
                  ],
                  "type": "a",
                },
                "type": "div",
              },
            ],
            "type": "div",
          },
        ],
        "type": "div",
      },
    ],
    "type": "div",
  },
  Symbol(enzyme.__nodes__): Array [
    Object {
      "instance": null,
      "key": undefined,
      "nodeType": "host",
      "props": Object {
        "children": Array [
          <div
            className="restaurant-detail__map"
          >
            <withScriptjs(withGoogleMap(Component))
              containerElement={
                <div
                  style={
                    Object {
                      "height": "100%",
                    }
                  }
                />
              }
              googleMapURL="https://maps.googleapis.com/maps/api/js?key=AIzaSyBGyVswgcCkctFs8x4X-14BS16VXWINHPA&v=3.exp&libraries=geometry,drawing,places"
              isMarkerShow={true}
              isOpenMarkerInfo={false}
              lat={32.950787}
              lng={-96.821118}
              loadingElement={
                <div
                  style={
                    Object {
                      "height": "100%",
                    }
                  }
                />
              }
              mapElement={
                <div
                  style={
                    Object {
                      "height": "100%",
                    }
                  }
                />
              }
              onMarkerToggle={[Function]}
              restaurant={
                Object {
                  "backgroundImageURL": "http://sandbox.bottlerocketapps.com/BR_iOS_CodingExam_2015_Server/Images/hopdoddy.png",
                  "category": "Burgers",
                  "contact": Object {
                    "formattedPhone": "(972) 387-2337",
                    "phone": "9723872337",
                    "twitter": "hopdoddy",
                  },
                  "location": Object {
                    "address": "5100 Belt Line Road, STE 502",
                    "cc": "US",
                    "city": "Addison",
                    "country": "United States",
                    "crossStreet": "Dallas North Tollway",
                    "formattedAddress": Array [
                      "5100 Belt Line Road, STE 502 (Dallas North Tollway)",
                      "Addison, TX 75254",
                      "United States",
                    ],
                    "lat": 32.950787,
                    "lng": -96.821118,
                    "postalCode": "75254",
                    "state": "TX",
                  },
                  "name": "Hopdoddy Burger Bar",
                }
              }
              zoom={13}
            />
          </div>,
          <div
            className="restaurant-detail__header"
          >
            <h2>
              Hopdoddy Burger Bar
            </h2>
            <div
              className="restaurant-detail__category"
            >
              Burgers
            </div>
          </div>,
          <div
            className="restaurant-detail__info"
          >
            <div
              className="restaurant-detail__address"
            >
              <a
                href="https://www.google.com/maps/dir/?api=1&destination=Hopdoddy%20Burger%20Bar%205100%20Belt%20Line%20Road%2C%20STE%20502%20Addison%20TX%2075254"
                target="_blank"
              >
                5100 Belt Line Road, STE 502
                <br />
                Addison
                , 
                TX
                 
                75254
              </a>
            </div>
            <div>
              <div
                className="restaurant-detail__phone"
              >
                <a
                  href="tel:9723872337"
                >
                  (972) 387-2337
                </a>
              </div>
              <div
                className="restaurant-detail__twitter"
              >
                <a
                  href="https://twitter.com/hopdoddy"
                  target="_blank"
                >
                  @
                  hopdoddy
                </a>
              </div>
            </div>
          </div>,
        ],
        "className": "restaurant-detail",
      },
      "ref": null,
      "rendered": Array [
        Object {
          "instance": null,
          "key": undefined,
          "nodeType": "host",
          "props": Object {
            "children": <withScriptjs(withGoogleMap(Component))
              containerElement={
                <div
                  style={
                    Object {
                      "height": "100%",
                    }
                  }
                />
              }
              googleMapURL="https://maps.googleapis.com/maps/api/js?key=AIzaSyBGyVswgcCkctFs8x4X-14BS16VXWINHPA&v=3.exp&libraries=geometry,drawing,places"
              isMarkerShow={true}
              isOpenMarkerInfo={false}
              lat={32.950787}
              lng={-96.821118}
              loadingElement={
                <div
                  style={
                    Object {
                      "height": "100%",
                    }
                  }
                />
              }
              mapElement={
                <div
                  style={
                    Object {
                      "height": "100%",
                    }
                  }
                />
              }
              onMarkerToggle={[Function]}
              restaurant={
                Object {
                  "backgroundImageURL": "http://sandbox.bottlerocketapps.com/BR_iOS_CodingExam_2015_Server/Images/hopdoddy.png",
                  "category": "Burgers",
                  "contact": Object {
                    "formattedPhone": "(972) 387-2337",
                    "phone": "9723872337",
                    "twitter": "hopdoddy",
                  },
                  "location": Object {
                    "address": "5100 Belt Line Road, STE 502",
                    "cc": "US",
                    "city": "Addison",
                    "country": "United States",
                    "crossStreet": "Dallas North Tollway",
                    "formattedAddress": Array [
                      "5100 Belt Line Road, STE 502 (Dallas North Tollway)",
                      "Addison, TX 75254",
                      "United States",
                    ],
                    "lat": 32.950787,
                    "lng": -96.821118,
                    "postalCode": "75254",
                    "state": "TX",
                  },
                  "name": "Hopdoddy Burger Bar",
                }
              }
              zoom={13}
            />,
            "className": "restaurant-detail__map",
          },
          "ref": null,
          "rendered": Object {
            "instance": null,
            "key": undefined,
            "nodeType": "class",
            "props": Object {
              "containerElement": <div
                style={
                  Object {
                    "height": "100%",
                  }
                }
              />,
              "googleMapURL": "https://maps.googleapis.com/maps/api/js?key=AIzaSyBGyVswgcCkctFs8x4X-14BS16VXWINHPA&v=3.exp&libraries=geometry,drawing,places",
              "isMarkerShow": true,
              "isOpenMarkerInfo": false,
              "lat": 32.950787,
              "lng": -96.821118,
              "loadingElement": <div
                style={
                  Object {
                    "height": "100%",
                  }
                }
              />,
              "mapElement": <div
                style={
                  Object {
                    "height": "100%",
                  }
                }
              />,
              "onMarkerToggle": [Function],
              "restaurant": Object {
                "backgroundImageURL": "http://sandbox.bottlerocketapps.com/BR_iOS_CodingExam_2015_Server/Images/hopdoddy.png",
                "category": "Burgers",
                "contact": Object {
                  "formattedPhone": "(972) 387-2337",
                  "phone": "9723872337",
                  "twitter": "hopdoddy",
                },
                "location": Object {
                  "address": "5100 Belt Line Road, STE 502",
                  "cc": "US",
                  "city": "Addison",
                  "country": "United States",
                  "crossStreet": "Dallas North Tollway",
                  "formattedAddress": Array [
                    "5100 Belt Line Road, STE 502 (Dallas North Tollway)",
                    "Addison, TX 75254",
                    "United States",
                  ],
                  "lat": 32.950787,
                  "lng": -96.821118,
                  "postalCode": "75254",
                  "state": "TX",
                },
                "name": "Hopdoddy Burger Bar",
              },
              "zoom": 13,
            },
            "ref": null,
            "rendered": null,
            "type": [Function],
          },
          "type": "div",
        },
        Object {
          "instance": null,
          "key": undefined,
          "nodeType": "host",
          "props": Object {
            "children": Array [
              <h2>
                Hopdoddy Burger Bar
              </h2>,
              <div
                className="restaurant-detail__category"
              >
                Burgers
              </div>,
            ],
            "className": "restaurant-detail__header",
          },
          "ref": null,
          "rendered": Array [
            Object {
              "instance": null,
              "key": undefined,
              "nodeType": "host",
              "props": Object {
                "children": "Hopdoddy Burger Bar",
              },
              "ref": null,
              "rendered": "Hopdoddy Burger Bar",
              "type": "h2",
            },
            Object {
              "instance": null,
              "key": undefined,
              "nodeType": "host",
              "props": Object {
                "children": "Burgers",
                "className": "restaurant-detail__category",
              },
              "ref": null,
              "rendered": "Burgers",
              "type": "div",
            },
          ],
          "type": "div",
        },
        Object {
          "instance": null,
          "key": undefined,
          "nodeType": "host",
          "props": Object {
            "children": Array [
              <div
                className="restaurant-detail__address"
              >
                <a
                  href="https://www.google.com/maps/dir/?api=1&destination=Hopdoddy%20Burger%20Bar%205100%20Belt%20Line%20Road%2C%20STE%20502%20Addison%20TX%2075254"
                  target="_blank"
                >
                  5100 Belt Line Road, STE 502
                  <br />
                  Addison
                  , 
                  TX
                   
                  75254
                </a>
              </div>,
              <div>
                <div
                  className="restaurant-detail__phone"
                >
                  <a
                    href="tel:9723872337"
                  >
                    (972) 387-2337
                  </a>
                </div>
                <div
                  className="restaurant-detail__twitter"
                >
                  <a
                    href="https://twitter.com/hopdoddy"
                    target="_blank"
                  >
                    @
                    hopdoddy
                  </a>
                </div>
              </div>,
            ],
            "className": "restaurant-detail__info",
          },
          "ref": null,
          "rendered": Array [
            Object {
              "instance": null,
              "key": undefined,
              "nodeType": "host",
              "props": Object {
                "children": <a
                  href="https://www.google.com/maps/dir/?api=1&destination=Hopdoddy%20Burger%20Bar%205100%20Belt%20Line%20Road%2C%20STE%20502%20Addison%20TX%2075254"
                  target="_blank"
                >
                  5100 Belt Line Road, STE 502
                  <br />
                  Addison
                  , 
                  TX
                   
                  75254
                </a>,
                "className": "restaurant-detail__address",
              },
              "ref": null,
              "rendered": Object {
                "instance": null,
                "key": undefined,
                "nodeType": "host",
                "props": Object {
                  "children": Array [
                    "5100 Belt Line Road, STE 502",
                    <br />,
                    "Addison",
                    ", ",
                    "TX",
                    " ",
                    "75254",
                  ],
                  "href": "https://www.google.com/maps/dir/?api=1&destination=Hopdoddy%20Burger%20Bar%205100%20Belt%20Line%20Road%2C%20STE%20502%20Addison%20TX%2075254",
                  "target": "_blank",
                },
                "ref": null,
                "rendered": Array [
                  "5100 Belt Line Road, STE 502",
                  Object {
                    "instance": null,
                    "key": undefined,
                    "nodeType": "host",
                    "props": Object {},
                    "ref": null,
                    "rendered": null,
                    "type": "br",
                  },
                  "Addison",
                  ", ",
                  "TX",
                  " ",
                  "75254",
                ],
                "type": "a",
              },
              "type": "div",
            },
            Object {
              "instance": null,
              "key": undefined,
              "nodeType": "host",
              "props": Object {
                "children": Array [
                  <div
                    className="restaurant-detail__phone"
                  >
                    <a
                      href="tel:9723872337"
                    >
                      (972) 387-2337
                    </a>
                  </div>,
                  <div
                    className="restaurant-detail__twitter"
                  >
                    <a
                      href="https://twitter.com/hopdoddy"
                      target="_blank"
                    >
                      @
                      hopdoddy
                    </a>
                  </div>,
                ],
              },
              "ref": null,
              "rendered": Array [
                Object {
                  "instance": null,
                  "key": undefined,
                  "nodeType": "host",
                  "props": Object {
                    "children": <a
                      href="tel:9723872337"
                    >
                      (972) 387-2337
                    </a>,
                    "className": "restaurant-detail__phone",
                  },
                  "ref": null,
                  "rendered": Object {
                    "instance": null,
                    "key": undefined,
                    "nodeType": "host",
                    "props": Object {
                      "children": "(972) 387-2337",
                      "href": "tel:9723872337",
                    },
                    "ref": null,
                    "rendered": "(972) 387-2337",
                    "type": "a",
                  },
                  "type": "div",
                },
                Object {
                  "instance": null,
                  "key": undefined,
                  "nodeType": "host",
                  "props": Object {
                    "children": <a
                      href="https://twitter.com/hopdoddy"
                      target="_blank"
                    >
                      @
                      hopdoddy
                    </a>,
                    "className": "restaurant-detail__twitter",
                  },
                  "ref": null,
                  "rendered": Object {
                    "instance": null,
                    "key": undefined,
                    "nodeType": "host",
                    "props": Object {
                      "children": Array [
                        "@",
                        "hopdoddy",
                      ],
                      "href": "https://twitter.com/hopdoddy",
                      "target": "_blank",
                    },
                    "ref": null,
                    "rendered": Array [
                      "@",
                      "hopdoddy",
                    ],
                    "type": "a",
                  },
                  "type": "div",
                },
              ],
              "type": "div",
            },
          ],
          "type": "div",
        },
      ],
      "type": "div",
    },
  ],
  Symbol(enzyme.__options__): Object {
    "adapter": ReactSixteenAdapter {
      "options": Object {
        "enableComponentDidUpdateOnSetState": true,
      },
    },
  },
}
`;
