// Jest Snapshot v1, https://goo.gl/fbAQLP

exports[`should render RestaurantListItem component properly 1`] = `
ShallowWrapper {
  "length": 1,
  Symbol(enzyme.__root__): [Circular],
  Symbol(enzyme.__unrendered__): <RestaurantListItem
    index={0}
    restaurant={
      Object {
        "backgroundImageURL": "http://sandbox.bottlerocketapps.com/BR_iOS_CodingExam_2015_Server/Images/hopdoddy.png",
        "category": "Burgers",
        "contact": Object {
          "formattedPhone": "(972) 387-2337",
          "phone": "9723872337",
          "twitter": "hopdoddy",
        },
        "location": Object {
          "address": "5100 Belt Line Road, STE 502",
          "cc": "US",
          "city": "Addison",
          "country": "United States",
          "crossStreet": "Dallas North Tollway",
          "formattedAddress": Array [
            "5100 Belt Line Road, STE 502 (Dallas North Tollway)",
            "Addison, TX 75254",
            "United States",
          ],
          "lat": 32.950787,
          "lng": -96.821118,
          "postalCode": "75254",
          "state": "TX",
        },
        "name": "Hopdoddy Burger Bar",
      }
    }
    selectRestaurant={[MockFunction]}
  />,
  Symbol(enzyme.__renderer__): Object {
    "batchedUpdates": [Function],
    "getNode": [Function],
    "render": [Function],
    "simulateEvent": [Function],
    "unmount": [Function],
  },
  Symbol(enzyme.__node__): Object {
    "instance": null,
    "key": undefined,
    "nodeType": "host",
    "props": Object {
      "children": <Link
        onClick={[Function]}
        replace={false}
        to="/0"
      >
        <div
          className="restaurant-item__info"
        >
          <h2>
            Hopdoddy Burger Bar
          </h2>
          <div
            className="restaurant-item__category"
          >
            Burgers
          </div>
        </div>
        <div
          className="restaurant-item__img"
        >
          <img
            align="middle"
            src="http://sandbox.bottlerocketapps.com/BR_iOS_CodingExam_2015_Server/Images/hopdoddy.png"
          />
        </div>
      </Link>,
      "className": "restaurant-item",
      "id": 0,
    },
    "ref": null,
    "rendered": Object {
      "instance": null,
      "key": undefined,
      "nodeType": "class",
      "props": Object {
        "children": Array [
          <div
            className="restaurant-item__info"
          >
            <h2>
              Hopdoddy Burger Bar
            </h2>
            <div
              className="restaurant-item__category"
            >
              Burgers
            </div>
          </div>,
          <div
            className="restaurant-item__img"
          >
            <img
              align="middle"
              src="http://sandbox.bottlerocketapps.com/BR_iOS_CodingExam_2015_Server/Images/hopdoddy.png"
            />
          </div>,
        ],
        "onClick": [Function],
        "replace": false,
        "to": "/0",
      },
      "ref": null,
      "rendered": Array [
        Object {
          "instance": null,
          "key": undefined,
          "nodeType": "host",
          "props": Object {
            "children": Array [
              <h2>
                Hopdoddy Burger Bar
              </h2>,
              <div
                className="restaurant-item__category"
              >
                Burgers
              </div>,
            ],
            "className": "restaurant-item__info",
          },
          "ref": null,
          "rendered": Array [
            Object {
              "instance": null,
              "key": undefined,
              "nodeType": "host",
              "props": Object {
                "children": "Hopdoddy Burger Bar",
              },
              "ref": null,
              "rendered": "Hopdoddy Burger Bar",
              "type": "h2",
            },
            Object {
              "instance": null,
              "key": undefined,
              "nodeType": "host",
              "props": Object {
                "children": "Burgers",
                "className": "restaurant-item__category",
              },
              "ref": null,
              "rendered": "Burgers",
              "type": "div",
            },
          ],
          "type": "div",
        },
        Object {
          "instance": null,
          "key": undefined,
          "nodeType": "host",
          "props": Object {
            "children": <img
              align="middle"
              src="http://sandbox.bottlerocketapps.com/BR_iOS_CodingExam_2015_Server/Images/hopdoddy.png"
            />,
            "className": "restaurant-item__img",
          },
          "ref": null,
          "rendered": Object {
            "instance": null,
            "key": undefined,
            "nodeType": "host",
            "props": Object {
              "align": "middle",
              "src": "http://sandbox.bottlerocketapps.com/BR_iOS_CodingExam_2015_Server/Images/hopdoddy.png",
            },
            "ref": null,
            "rendered": null,
            "type": "img",
          },
          "type": "div",
        },
      ],
      "type": [Function],
    },
    "type": "div",
  },
  Symbol(enzyme.__nodes__): Array [
    Object {
      "instance": null,
      "key": undefined,
      "nodeType": "host",
      "props": Object {
        "children": <Link
          onClick={[Function]}
          replace={false}
          to="/0"
        >
          <div
            className="restaurant-item__info"
          >
            <h2>
              Hopdoddy Burger Bar
            </h2>
            <div
              className="restaurant-item__category"
            >
              Burgers
            </div>
          </div>
          <div
            className="restaurant-item__img"
          >
            <img
              align="middle"
              src="http://sandbox.bottlerocketapps.com/BR_iOS_CodingExam_2015_Server/Images/hopdoddy.png"
            />
          </div>
        </Link>,
        "className": "restaurant-item",
        "id": 0,
      },
      "ref": null,
      "rendered": Object {
        "instance": null,
        "key": undefined,
        "nodeType": "class",
        "props": Object {
          "children": Array [
            <div
              className="restaurant-item__info"
            >
              <h2>
                Hopdoddy Burger Bar
              </h2>
              <div
                className="restaurant-item__category"
              >
                Burgers
              </div>
            </div>,
            <div
              className="restaurant-item__img"
            >
              <img
                align="middle"
                src="http://sandbox.bottlerocketapps.com/BR_iOS_CodingExam_2015_Server/Images/hopdoddy.png"
              />
            </div>,
          ],
          "onClick": [Function],
          "replace": false,
          "to": "/0",
        },
        "ref": null,
        "rendered": Array [
          Object {
            "instance": null,
            "key": undefined,
            "nodeType": "host",
            "props": Object {
              "children": Array [
                <h2>
                  Hopdoddy Burger Bar
                </h2>,
                <div
                  className="restaurant-item__category"
                >
                  Burgers
                </div>,
              ],
              "className": "restaurant-item__info",
            },
            "ref": null,
            "rendered": Array [
              Object {
                "instance": null,
                "key": undefined,
                "nodeType": "host",
                "props": Object {
                  "children": "Hopdoddy Burger Bar",
                },
                "ref": null,
                "rendered": "Hopdoddy Burger Bar",
                "type": "h2",
              },
              Object {
                "instance": null,
                "key": undefined,
                "nodeType": "host",
                "props": Object {
                  "children": "Burgers",
                  "className": "restaurant-item__category",
                },
                "ref": null,
                "rendered": "Burgers",
                "type": "div",
              },
            ],
            "type": "div",
          },
          Object {
            "instance": null,
            "key": undefined,
            "nodeType": "host",
            "props": Object {
              "children": <img
                align="middle"
                src="http://sandbox.bottlerocketapps.com/BR_iOS_CodingExam_2015_Server/Images/hopdoddy.png"
              />,
              "className": "restaurant-item__img",
            },
            "ref": null,
            "rendered": Object {
              "instance": null,
              "key": undefined,
              "nodeType": "host",
              "props": Object {
                "align": "middle",
                "src": "http://sandbox.bottlerocketapps.com/BR_iOS_CodingExam_2015_Server/Images/hopdoddy.png",
              },
              "ref": null,
              "rendered": null,
              "type": "img",
            },
            "type": "div",
          },
        ],
        "type": [Function],
      },
      "type": "div",
    },
  ],
  Symbol(enzyme.__options__): Object {
    "adapter": ReactSixteenAdapter {
      "options": Object {
        "enableComponentDidUpdateOnSetState": true,
      },
    },
  },
}
`;
