// Jest Snapshot v1, https://goo.gl/fbAQLP

exports[`should render WelcomeMessage component properly 1`] = `
ShallowWrapper {
  "length": 1,
  Symbol(enzyme.__root__): [Circular],
  Symbol(enzyme.__unrendered__): <WelcomeMessage />,
  Symbol(enzyme.__renderer__): Object {
    "batchedUpdates": [Function],
    "getNode": [Function],
    "render": [Function],
    "simulateEvent": [Function],
    "unmount": [Function],
  },
  Symbol(enzyme.__node__): Object {
    "instance": null,
    "key": undefined,
    "nodeType": "class",
    "props": Object {
      "children": <div
        className="starter hidden-mobile"
      >
        <h1>
          Welcome to Lunch Tyme
        </h1>
        <h3>
          🍕🍔🌮
        </h3>
        <h3>
          Step 1 - Browse
        </h3>
        <h3>
          Step 2 - Go
        </h3>
        <h3>
          Step 3 - Eat
        </h3>
      </div>,
      "classNames": "fade",
      "in": undefined,
      "mountOnEnter": true,
      "timeout": 250,
      "unmountOnExit": true,
    },
    "ref": null,
    "rendered": Object {
      "instance": null,
      "key": undefined,
      "nodeType": "host",
      "props": Object {
        "children": Array [
          <h1>
            Welcome to Lunch Tyme
          </h1>,
          <h3>
            🍕🍔🌮
          </h3>,
          <h3>
            Step 1 - Browse
          </h3>,
          <h3>
            Step 2 - Go
          </h3>,
          <h3>
            Step 3 - Eat
          </h3>,
        ],
        "className": "starter hidden-mobile",
      },
      "ref": null,
      "rendered": Array [
        Object {
          "instance": null,
          "key": undefined,
          "nodeType": "host",
          "props": Object {
            "children": "Welcome to Lunch Tyme",
          },
          "ref": null,
          "rendered": "Welcome to Lunch Tyme",
          "type": "h1",
        },
        Object {
          "instance": null,
          "key": undefined,
          "nodeType": "host",
          "props": Object {
            "children": "🍕🍔🌮",
          },
          "ref": null,
          "rendered": "🍕🍔🌮",
          "type": "h3",
        },
        Object {
          "instance": null,
          "key": undefined,
          "nodeType": "host",
          "props": Object {
            "children": "Step 1 - Browse",
          },
          "ref": null,
          "rendered": "Step 1 - Browse",
          "type": "h3",
        },
        Object {
          "instance": null,
          "key": undefined,
          "nodeType": "host",
          "props": Object {
            "children": "Step 2 - Go",
          },
          "ref": null,
          "rendered": "Step 2 - Go",
          "type": "h3",
        },
        Object {
          "instance": null,
          "key": undefined,
          "nodeType": "host",
          "props": Object {
            "children": "Step 3 - Eat",
          },
          "ref": null,
          "rendered": "Step 3 - Eat",
          "type": "h3",
        },
      ],
      "type": "div",
    },
    "type": [Function],
  },
  Symbol(enzyme.__nodes__): Array [
    Object {
      "instance": null,
      "key": undefined,
      "nodeType": "class",
      "props": Object {
        "children": <div
          className="starter hidden-mobile"
        >
          <h1>
            Welcome to Lunch Tyme
          </h1>
          <h3>
            🍕🍔🌮
          </h3>
          <h3>
            Step 1 - Browse
          </h3>
          <h3>
            Step 2 - Go
          </h3>
          <h3>
            Step 3 - Eat
          </h3>
        </div>,
        "classNames": "fade",
        "in": undefined,
        "mountOnEnter": true,
        "timeout": 250,
        "unmountOnExit": true,
      },
      "ref": null,
      "rendered": Object {
        "instance": null,
        "key": undefined,
        "nodeType": "host",
        "props": Object {
          "children": Array [
            <h1>
              Welcome to Lunch Tyme
            </h1>,
            <h3>
              🍕🍔🌮
            </h3>,
            <h3>
              Step 1 - Browse
            </h3>,
            <h3>
              Step 2 - Go
            </h3>,
            <h3>
              Step 3 - Eat
            </h3>,
          ],
          "className": "starter hidden-mobile",
        },
        "ref": null,
        "rendered": Array [
          Object {
            "instance": null,
            "key": undefined,
            "nodeType": "host",
            "props": Object {
              "children": "Welcome to Lunch Tyme",
            },
            "ref": null,
            "rendered": "Welcome to Lunch Tyme",
            "type": "h1",
          },
          Object {
            "instance": null,
            "key": undefined,
            "nodeType": "host",
            "props": Object {
              "children": "🍕🍔🌮",
            },
            "ref": null,
            "rendered": "🍕🍔🌮",
            "type": "h3",
          },
          Object {
            "instance": null,
            "key": undefined,
            "nodeType": "host",
            "props": Object {
              "children": "Step 1 - Browse",
            },
            "ref": null,
            "rendered": "Step 1 - Browse",
            "type": "h3",
          },
          Object {
            "instance": null,
            "key": undefined,
            "nodeType": "host",
            "props": Object {
              "children": "Step 2 - Go",
            },
            "ref": null,
            "rendered": "Step 2 - Go",
            "type": "h3",
          },
          Object {
            "instance": null,
            "key": undefined,
            "nodeType": "host",
            "props": Object {
              "children": "Step 3 - Eat",
            },
            "ref": null,
            "rendered": "Step 3 - Eat",
            "type": "h3",
          },
        ],
        "type": "div",
      },
      "type": [Function],
    },
  ],
  Symbol(enzyme.__options__): Object {
    "adapter": ReactSixteenAdapter {
      "options": Object {
        "enableComponentDidUpdateOnSetState": true,
      },
    },
  },
}
`;
